Microchip MPLAB XC8 Compiler V1.45 ()

Linker command line:

--edf=C:\Program Files (x86)\Microchip\xc8\v1.45\dat\en_msgs.txt -cs \
  -h+dist/LPCUSBDK_16F1459/production\caps-lock-buzzer-pic16f1459-nobtld.X.production.sym \
  --cmf=dist/LPCUSBDK_16F1459/production\caps-lock-buzzer-pic16f1459-nobtld.X.production.cmf \
  -z -Q16F1459 -oC:\Users\glen\AppData\Local\Temp\sad4.2 \
  -Mdist/LPCUSBDK_16F1459/production/caps-lock-buzzer-pic16f1459-nobtld.X.production.map \
  -E1 -ver=XC8 -ASTACK=020ADh-023efh -pstack=STACK -ACODE=00h-07FFhx4 \
  -ASTRCODE=00h-01FFFh -ASTRING=00h-0FFhx32 -ACONST=00h-0FFhx32 \
  -AENTRY=00h-0FFhx32 -ACOMMON=070h-07Fh -ABANK0=020h-06Fh \
  -ABANK1=0A0h-0EFh -ABANK2=0120h-016Fh -ABANK3=01A0h-01EFh \
  -ABANK4=0220h-026Fh -ABANK5=02A0h-02EFh -ABANK6=0320h-036Fh \
  -ABANK7=03A0h-03EFh -ABANK8=0420h-046Fh -ABANK9=04A0h-04EFh \
  -ABANK10=0520h-056Fh -ABANK11=05A0h-05EFh -ABANK12=0620h-064Fh \
  -ABIGRAM=02000h-023EFh \
  -ARAM=020h-06Fh,0A0h-0EFh,0120h-016Fh,01A0h-01EFh,0220h-026Fh,02A0h-02EFh,0320h-036Fh,03A0h-03EFh,0420h-046Fh,04A0h-04EFh,0520h-056Fh,05A0h-05EFh,0620h-064Fh \
  -AABS1=020h-07Fh,0A0h-0EFh,0120h-016Fh,01A0h-01EFh,0220h-026Fh,02A0h-02EFh,0320h-036Fh,03A0h-03EFh,0420h-046Fh,04A0h-04EFh,0520h-056Fh,05A0h-05EFh,0620h-064Fh \
  -ASFR0=00h-01Fh -ASFR1=080h-09Fh -ASFR2=0100h-011Fh -ASFR3=0180h-019Fh \
  -ASFR4=0200h-021Fh -ASFR5=0280h-029Fh -ASFR6=0300h-031Fh \
  -ASFR7=0380h-039Fh -ASFR8=0400h-041Fh -ASFR9=0480h-049Fh \
  -ASFR10=0500h-051Fh -ASFR11=0580h-059Fh -ASFR12=0600h-061Fh \
  -ASFR13=0680h-06EFh -ASFR14=0700h-076Fh -ASFR15=0780h-07EFh \
  -ASFR16=0800h-086Fh -ASFR17=0880h-08EFh -ASFR18=0900h-096Fh \
  -ASFR19=0980h-09EFh -ASFR20=0A00h-0A6Fh -ASFR21=0A80h-0AEFh \
  -ASFR22=0B00h-0B6Fh -ASFR23=0B80h-0BEFh -ASFR24=0C00h-0C6Fh \
  -ASFR25=0C80h-0CEFh -ASFR26=0D00h-0D6Fh -ASFR27=0D80h-0DEFh \
  -ASFR28=0E00h-0E6Fh -ASFR29=0E80h-0EEFh -ASFR30=0F00h-0F6Fh \
  -ASFR31=0F80h-0FEFh -preset_vec=00h,intentry=04h,init,end_init \
  -ppowerup=CODE -pcinit=CODE -pfunctab=ENTRY -ACONFIG=08007h-08008h \
  -pconfig=CONFIG -DCONFIG=2 -AIDLOC=08000h-08003h -pidloc=IDLOC -DIDLOC=2 \
  -DCODE=2 -DSTRCODE=2 -DSTRING=2 -DCONST=2 -DENTRY=2 -k \
  C:\Users\glen\AppData\Local\Temp\sad4.obj \
  dist/LPCUSBDK_16F1459/production\caps-lock-buzzer-pic16f1459-nobtld.X.production.obj 

Object code version is 3.11

Machine type is 16F1459



                Name                               Link     Load   Length Selector   Space Scale
C:\Users\glen\AppData\Local\Temp\sad4.obj
                end_init                              A        A        2        8       0
                reset_vec                             0        0        2        0       0
                config                             8007     8007        2    1000E       0
dist/LPCUSBDK_16F1459/production\caps-lock-buzzer-pic16f1459-nobtld.X.production.obj
                cinit                                 C        C      2BB        8       0
                intentry                              4        4        6        8       0
                text47                              813      813      7ED     1026       0
                text43                              4EA      4EA       CB      9D4       0
                text39                              2C7      2C7       EE        8       0
                swtext9                             646      646        8      C6C       0
                swtext8                             63E      63E        8      C6C       0
                swtext7                             636      636        8      C6C       0
                swtext6                             3CF      3CF       16      76A       0
                text34                              5B5      5B5       81      9D4       0
                swtext5                             3F5      3F5        8      76A       0
                swtext4                             400      400       EA      800       0
                swtext3                             3B5      3B5       1A      76A       0
                swtext2                             3ED      3ED        8      76A       0
                swtext1                             3E5      3E5        8      76A       0
                cstackBANK0                          5F       5F        F       50       1
                cstackCOMMON                         70       70        E       70       1
                cstackBANK1                          DE       DE       10       A8       1
                clrtext                             64E      64E        6      C9C       0
                bssBANK2                            121      121        C      121       1
                bssBANK1                             A8       A8       36       A8       1
                bssBANK0                             50       50        F       50       1
                stringtext8                        10D0     10D0        4     2000       0
                stringtext7                        10B8     10B8       12     2000       0
                stringtext6                        109C     109C       1C     2000       0
                stringtext5                        1073     1073       29     2000       0
                stringtext4                        103F     103F       34     2000       0
                stringtext3                        1000     1000       3F     2000       0
                stringtext2                        10D4     10D4        2     2000       0
                stringtext1                        10CA     10CA        6     2000       0

TOTAL           Name                               Link     Load   Length     Space
        CLASS   STACK          

        CLASS   CODE           
                end_init                              A        A        2         0
                cinit                                 C        C      2BB         0
                intentry                              4        4        6         0
                reset_vec                             0        0        2         0
                text47                              813      813      7ED         0
                text43                              4EA      4EA       CB         0
                text39                              2C7      2C7       EE         0
                text34                              5B5      5B5       81         0
                clrtext                             64E      64E        6         0

        CLASS   STRCODE        
                stringtext8                        10D0     10D0        4         0
                stringtext7                        10B8     10B8       12         0
                stringtext6                        109C     109C       1C         0
                stringtext5                        1073     1073       29         0
                stringtext4                        103F     103F       34         0
                stringtext3                        1000     1000       3F         0
                stringtext2                        10D4     10D4        2         0
                stringtext1                        10CA     10CA        6         0

        CLASS   STRING         

        CLASS   CONST          
                swtext9                             646      646        8         0
                swtext8                             63E      63E        8         0
                swtext7                             636      636        8         0
                swtext6                             3CF      3CF       16         0
                swtext5                             3F5      3F5        8         0
                swtext4                             400      400       EA         0
                swtext3                             3B5      3B5       1A         0
                swtext2                             3ED      3ED        8         0
                swtext1                             3E5      3E5        8         0

        CLASS   ENTRY          

        CLASS   COMMON         
                cstackCOMMON                         70       70        E         1

        CLASS   BANK0          
                cstackBANK0                          5F       5F        F         1
                bssBANK0                             50       50        F         1

        CLASS   BANK1          
                cstackBANK1                          DE       DE       10         1
                bssBANK1                             A8       A8       36         1

        CLASS   BANK2          
                bssBANK2                            121      121        C         1

        CLASS   BANK3          

        CLASS   BANK4          

        CLASS   BANK5          

        CLASS   BANK6          

        CLASS   BANK7          

        CLASS   BANK8          

        CLASS   BANK9          

        CLASS   BANK10         

        CLASS   BANK11         

        CLASS   BANK12         

        CLASS   BIGRAM         

        CLASS   RAM            

        CLASS   ABS1           
                abs_s1                               20       20       30         1
                abs_s1                               7E       7E        2         1
                abs_s1                               A0       A0        8         1
                abs_s1                              120      120        1         1

        CLASS   SFR0           

        CLASS   SFR1           

        CLASS   SFR2           

        CLASS   SFR3           

        CLASS   SFR4           

        CLASS   SFR5           

        CLASS   SFR6           

        CLASS   SFR7           

        CLASS   SFR8           

        CLASS   SFR9           

        CLASS   SFR10          

        CLASS   SFR11          

        CLASS   SFR12          

        CLASS   SFR13          

        CLASS   SFR14          

        CLASS   SFR15          

        CLASS   SFR16          

        CLASS   SFR17          

        CLASS   SFR18          

        CLASS   SFR19          

        CLASS   SFR20          

        CLASS   SFR21          

        CLASS   SFR22          

        CLASS   SFR23          

        CLASS   SFR24          

        CLASS   SFR25          

        CLASS   SFR26          

        CLASS   SFR27          

        CLASS   SFR28          

        CLASS   SFR29          

        CLASS   SFR30          

        CLASS   SFR31          

        CLASS   CONFIG         
                config                             8007     8007        2         0

        CLASS   IDLOC          

        CLASS   BANK31         

        CLASS   BANK30         

        CLASS   BANK29         

        CLASS   BANK28         

        CLASS   BANK27         

        CLASS   BANK26         

        CLASS   BANK25         

        CLASS   BANK24         

        CLASS   BANK23         

        CLASS   BANK22         

        CLASS   BANK21         

        CLASS   BANK20         

        CLASS   BANK19         

        CLASS   BANK18         

        CLASS   BANK17         

        CLASS   BANK16         

        CLASS   BANK15         

        CLASS   BANK14         

        CLASS   BANK13         

        CLASS   EEDATA         



SEGMENTS        Name                           Load    Length   Top    Selector   Space  Class     Delta

                reset_vec                      000000  000002  000002         0       0  CODE        2
                intentry                       000004  0003B1  0003B5         8       0  CODE        2
                bssBANK0                       000050  00001E  00006E        50       1  BANK0       1
                cstackCOMMON                   000070  00000E  00007E        70       1  COMMON      1
                bssBANK1                       0000A8  000046  0000EE        A8       1  BANK1       1
                bssBANK2                       000121  00000C  00012D       121       1  BANK2       1
                swtext3                        0003B5  000048  0003FD       76A       0  CONST       2
                swtext4                        000400  0000EA  0004EA       800       0  CONST       2
                text43                         0004EA  00014C  000636       9D4       0  CODE        2
                swtext7                        000636  000018  00064E       C6C       0  CONST       2
                clrtext                        00064E  000006  000654       C9C       0  CODE        2
                text47                         000813  0007ED  001000      1026       0  CODE        2
                stringtext3                    001000  0000D6  0010D6      2000       0  STRCODE     2
                config                         008007  000002  008009     1000E       0  CONFIG      2


UNUSED ADDRESS RANGES

        Name                Unused          Largest block    Delta
        BANK0            0006E-0006F               2           1
        BANK1            000EE-000EF               2           1
        BANK10           00520-0056F              50           1
        BANK11           005A0-005EF              50           1
        BANK12           00620-0064F              30           1
        BANK2            0012D-0016F              43           1
        BANK3            001A0-001EF              50           1
        BANK4            00220-0026F              50           1
        BANK5            002A0-002EF              50           1
        BANK6            00320-0036F              50           1
        BANK7            003A0-003EF              50           1
        BANK8            00420-0046F              50           1
        BANK9            004A0-004EF              50           1
        BIGRAM           02000-023EF             3F0           1
        CODE             00002-00003               2           2
                         003FD-003FF               3
                         00654-00812             1AC
                         010D6-01FFF             72A
        CONST            00002-00003               2           2
                         003FD-003FF               3
                         00654-00812             100
                         010D6-01FFF             100
        ENTRY            00002-00003               2           2
                         003FD-003FF               3
                         00654-00812             100
                         010D6-01FFF             100
        IDLOC            08000-08003               4           2
        RAM              0006E-0006F               2           1
                         000EE-000EF               2
                         0012D-0016F              43
                         001A0-001EF              50
                         00220-0026F              50
                         002A0-002EF              50
                         00320-0036F              50
                         003A0-003EF              50
                         00420-0046F              50
                         004A0-004EF              50
                         00520-0056F              50
                         005A0-005EF              50
                         00620-0064F              30
        SFR0             00000-0001F              20           1
        SFR1             00080-0009F              20           1
        SFR10            00500-0051F              20           1
        SFR11            00580-0059F              20           1
        SFR12            00600-0061F              20           1
        SFR13            00680-006EF              70           1
        SFR14            00700-0076F              70           1
        SFR15            00780-007EF              70           1
        SFR16            00800-0086F              70           1
        SFR17            00880-008EF              70           1
        SFR18            00900-0096F              70           1
        SFR19            00980-009EF              70           1
        SFR2             00100-0011F              20           1
        SFR20            00A00-00A6F              70           1
        SFR21            00A80-00AEF              70           1
        SFR22            00B00-00B6F              70           1
        SFR23            00B80-00BEF              70           1
        SFR24            00C00-00C6F              70           1
        SFR25            00C80-00CEF              70           1
        SFR26            00D00-00D6F              70           1
        SFR27            00D80-00DEF              70           1
        SFR28            00E00-00E6F              70           1
        SFR29            00E80-00EEF              70           1
        SFR3             00180-0019F              20           1
        SFR30            00F00-00F6F              70           1
        SFR31            00F80-00FEF              70           1
        SFR4             00200-0021F              20           1
        SFR5             00280-0029F              20           1
        SFR6             00300-0031F              20           1
        SFR7             00380-0039F              20           1
        SFR8             00400-0041F              20           1
        SFR9             00480-0049F              20           1
        STACK            020AD-023EF             343           1
        STRCODE          00002-00003               2           2
                         003FD-003FF               3
                         00654-00812             1BF
                         010D6-01FFF             F2A
        STRING           00002-00003               2           2
                         003FD-003FF               3
                         00654-00812             100
                         010D6-01FFF             100

                                  Symbol Table

?_USBTransferOnePacket                      cstackBANK1  000DE
?i1_USBTransferOnePacket                    cstackCOMMON 00070
APP_KeyboardTasks@TimeDeltaMilliseconds     cstackBANK1  000EB
APP_KeyboardTasks@i                         cstackBANK1  000ED
APP_KeyboardTasks@needToSendNewReportPacket cstackBANK1  000EA
APP_LEDUpdateUSBStatus@ledCount             bssBANK1     000C0
BUTTON_Enable@button                        cstackBANK1  000DE
BUTTON_IsPressed@button                     cstackBANK1  000DF
LED_Enable@led                              cstackBANK1  000DE
LED_Off@led                                 cstackBANK1  000DE
LED_On@led                                  cstackBANK1  000DE
SYSTEM_Initialize@state                     cstackBANK1  000DF
USBConfigureEndpoint@EPNum                  cstackCOMMON 00072
USBConfigureEndpoint@direction              cstackCOMMON 00070
USBConfigureEndpoint@handle                 cstackCOMMON 00073
USBCtrlTrfInHandler@lastDTS                 cstackCOMMON 00075
USBCtrlTrfRxService@byteToRead              cstackCOMMON 00075
USBCtrlTrfRxService@i                       cstackCOMMON 00074
USBCtrlTrfTxService@byteToSend              cstackCOMMON 00072
USBDeviceInit@i                             cstackBANK1  000E1
USBDeviceInit@i_1020                        cstackBANK1  000E0
USBDeviceInit@p                             cstackBANK1  000DE
USBDeviceTasks@i                            cstackBANK0  0006D
USBEnableEndpoint@ep                        cstackCOMMON 00079
USBEnableEndpoint@options                   cstackCOMMON 00074
USBEnableEndpoint@p                         cstackCOMMON 00077
USBHIDCBSetIdleRateHandler@newIdleRate      cstackCOMMON 00070
USBHIDCBSetIdleRateHandler@reportID         cstackCOMMON 00071
USBStdFeatureReqHandler@current_ep_data     cstackBANK0  00067
USBStdFeatureReqHandler@p                   cstackBANK0  00068
USBStdFeatureReqHandler@pUEP                cstackBANK0  00065
USBStdGetStatusHandler@p                    cstackCOMMON 00070
USBStdSetCfgHandler@i                       cstackBANK0  00068
USBStdSetCfgHandler@i_1771                  cstackBANK0  00067
USBStdSetCfgHandler@p                       cstackBANK0  00065
USBTransferOnePacket@data                   cstackBANK1  000DF
USBTransferOnePacket@dir                    cstackBANK1  000DE
USBTransferOnePacket@ep                     cstackBANK1  000E6
USBTransferOnePacket@handle                 cstackBANK1  000E7
USBTransferOnePacket@len                    cstackBANK1  000E1
USER_USB_CALLBACK_EVENT_HANDLER@event       cstackBANK0  0005F
USER_USB_CALLBACK_EVENT_HANDLER@pdata       cstackBANK0  00061
USER_USB_CALLBACK_EVENT_HANDLER@size        cstackBANK0  00063
_ACTCON                                     (abs)        0039B
_ANSELBbits                                 (abs)        0018D
_APP_KeyboardInit                           text39       002C7
_APP_KeyboardProcessOutputReport            cinit        00165
_APP_KeyboardTasks                          cinit        00031
_APP_LEDUpdateUSBStatus                     text47       00C68
_BDT                                        (abs)        00020
_BUTTON_Enable                              cinit        0019E
_BUTTON_IsPressed                           cinit        00294
_BUTTON_UpdateStates                        text47       00D34
_BothEP0OutUOWNsSet                         bssBANK1     000D9
_CtrlTrfData                                (abs)        00048
_INTCONbits                                 (abs)        0000B
_LATCbits                                   (abs)        0010E
_LED_Enable                                 cinit        001C5
_LED_Off                                    cinit        0026A
_LED_On                                     cinit        0027F
_LocalSOFCount                              bssBANK1     000C4
_OPTION_REGbits                             (abs)        00095
_OSCCON                                     (abs)        00099
_OldSOFCount                                bssBANK1     000C2
_PIE2bits                                   (abs)        00092
_PIR2bits                                   (abs)        00012
_PORTBbits                                  (abs)        0000D
_RemoteWakeup                               bssBANK1     000DB
_SOFCounter                                 bssBANK0     00052
_SYSTEM_Initialize                          cinit        0017E
_SYS_InterruptHigh                          intentry     00004
_SetupPkt                                   (abs)        00040
_TRISBbits                                  (abs)        0008D
_TRISCbits                                  (abs)        0008E
_UADDR                                      (abs)        00E96
_UCFG                                       (abs)        00E91
_UCON                                       (abs)        00E8E
_UCONbits                                   (abs)        00E8E
_UEIE                                       (abs)        00E97
_UEIR                                       (abs)        00E93
_UEP0                                       (abs)        00E98
_UEP0bits                                   (abs)        00E98
_UEP1                                       (abs)        00E99
_UIE                                        (abs)        00E92
_UIEbits                                    (abs)        00E92
_UIR                                        (abs)        00E90
_UIRbits                                    (abs)        00E90
_USB1msTickCount                            bssBANK2     00129
_USBActiveConfiguration                     bssBANK0     0005E
_USBAlternateInterface                      bssBANK0     0005D
_USBBusIsSuspended                          bssBANK1     000DA
_USBCheckHIDRequest                         text34       005B5
_USBCheckStdRequest                         text47       00854
_USBConfigureEndpoint                       text39       00313
_USBCtrlEPAllowDataStage                    text47       00A38
_USBCtrlEPAllowStatusStage                  text47       00CD3
_USBCtrlEPService                           text47       00E27
_USBCtrlEPServiceComplete                   text47       009BB
_USBCtrlTrfInHandler                        text47       00E88
_USBCtrlTrfOutHandler                       text43       004EA
_USBCtrlTrfRxService                        text43       0051B
_USBCtrlTrfSetupHandler                     text47       00821
_USBCtrlTrfTxService                        text47       00EFA
_USBDeferINDataStagePackets                 bssBANK1     000D6
_USBDeferOUTDataStagePackets                bssBANK1     000D5
_USBDeferStatusStagePacket                  bssBANK0     00054
_USBDeviceAttach                            cinit        001D8
_USBDeviceInit                              cinit        001F1
_USBDeviceState                             bssBANK0     0005B
_USBDeviceTasks                             text47       00B8D
_USBEnableEndpoint                          text39       002F6
_USBHIDCBSetIdleRateHandler                 text34       00621
_USBHIDCBSetReportComplete                  text47       00813
_USBHIDCBSetReportHandler                   text34       0062A
_USBIncrement1msInternalTimers              text47       00E66
_USBStallHandler                            text47       00F52
_USBStatusStageEnabledFlag1                 bssBANK1     000D8
_USBStatusStageEnabledFlag2                 bssBANK1     000D7
_USBStatusStageTimeoutCounter               bssBANK0     00055
_USBStdFeatureReqHandler                    text47       00A90
_USBStdGetDscHandler                        text47       00895
_USBStdGetStatusHandler                     text47       00905
_USBStdSetCfgHandler                        text47       00950
_USBSuspend                                 text47       00E78
_USBTicksSinceSuspendEnd                    bssBANK1     000D4
_USBTransferOnePacket                       cinit        000F0
_USBWakeFromSuspend                         text47       00F72
_USB_CD_Ptr                                 stringtext2  010D4
_USB_SD_Ptr                                 stringtext1  010CA
_USER_USB_CALLBACK_EVENT_HANDLER            text47       00C2D
_USTAT                                      (abs)        00E8F
_USTATcopy                                  bssBANK0     0005C
_WPUBbits                                   (abs)        0020D
__CFG_BOREN$ON                              (abs)        00000
__CFG_BORV$LO                               (abs)        00000
__CFG_CLKOUTEN$OFF                          (abs)        00000
__CFG_CP$OFF                                (abs)        00000
__CFG_CPUDIV$NOCLKDIV                       (abs)        00000
__CFG_FCMEN$OFF                             (abs)        00000
__CFG_FOSC$INTOSC                           (abs)        00000
__CFG_IESO$OFF                              (abs)        00000
__CFG_LPBOR$OFF                             (abs)        00000
__CFG_LVP$OFF                               (abs)        00000
__CFG_MCLRE$OFF                             (abs)        00000
__CFG_PLLEN$ENABLED                         (abs)        00000
__CFG_PLLMULT$3x                            (abs)        00000
__CFG_PWRTE$OFF                             (abs)        00000
__CFG_STVREN$ON                             (abs)        00000
__CFG_USBLSCLK$48MHz                        (abs)        00000
__CFG_WDTE$OFF                              (abs)        00000
__CFG_WRT$OFF                               (abs)        00000
__Habs1                                     abs1         00000
__Hbank0                                    bank0        00000
__Hbank1                                    bank1        00000
__Hbank10                                   bank10       00000
__Hbank11                                   bank11       00000
__Hbank12                                   bank12       00000
__Hbank13                                   bank13       00000
__Hbank14                                   bank14       00000
__Hbank15                                   bank15       00000
__Hbank16                                   bank16       00000
__Hbank17                                   bank17       00000
__Hbank18                                   bank18       00000
__Hbank19                                   bank19       00000
__Hbank2                                    bank2        00000
__Hbank20                                   bank20       00000
__Hbank21                                   bank21       00000
__Hbank22                                   bank22       00000
__Hbank23                                   bank23       00000
__Hbank24                                   bank24       00000
__Hbank25                                   bank25       00000
__Hbank26                                   bank26       00000
__Hbank27                                   bank27       00000
__Hbank28                                   bank28       00000
__Hbank29                                   bank29       00000
__Hbank3                                    bank3        00000
__Hbank30                                   bank30       00000
__Hbank31                                   bank31       00000
__Hbank4                                    bank4        00000
__Hbank5                                    bank5        00000
__Hbank6                                    bank6        00000
__Hbank7                                    bank7        00000
__Hbank8                                    bank8        00000
__Hbank9                                    bank9        00000
__Hbigram                                   bigram       00000
__HbssBANK0                                 bssBANK0     00000
__HbssBANK1                                 bssBANK1     00000
__HbssBANK2                                 bssBANK2     00000
__Hcinit                                    cinit        002C7
__Hclrtext                                  clrtext      00000
__Hcode                                     code         00000
__Hcommon                                   common       00000
__Hconfig                                   config       08009
__HcstackBANK0                              cstackBANK0  00000
__HcstackBANK1                              cstackBANK1  00000
__HcstackCOMMON                             cstackCOMMON 00000
__Heeprom_data                              eeprom_data  00000
__Hend_init                                 end_init     0000C
__Hfunctab                                  functab      00000
__Hidloc                                    idloc        00000
__Hinit                                     init         0000A
__Hintentry                                 intentry     0000A
__Hmaintext                                 maintext     00000
__Hpa_nodes0                                pa_nodes0    00000
__Hpowerup                                  powerup      00000
__Hram                                      ram          00000
__Hreset_vec                                reset_vec    00002
__Hsfr0                                     sfr0         00000
__Hsfr1                                     sfr1         00000
__Hsfr10                                    sfr10        00000
__Hsfr11                                    sfr11        00000
__Hsfr12                                    sfr12        00000
__Hsfr13                                    sfr13        00000
__Hsfr14                                    sfr14        00000
__Hsfr15                                    sfr15        00000
__Hsfr16                                    sfr16        00000
__Hsfr17                                    sfr17        00000
__Hsfr18                                    sfr18        00000
__Hsfr19                                    sfr19        00000
__Hsfr2                                     sfr2         00000
__Hsfr20                                    sfr20        00000
__Hsfr21                                    sfr21        00000
__Hsfr22                                    sfr22        00000
__Hsfr23                                    sfr23        00000
__Hsfr24                                    sfr24        00000
__Hsfr25                                    sfr25        00000
__Hsfr26                                    sfr26        00000
__Hsfr27                                    sfr27        00000
__Hsfr28                                    sfr28        00000
__Hsfr29                                    sfr29        00000
__Hsfr3                                     sfr3         00000
__Hsfr30                                    sfr30        00000
__Hsfr31                                    sfr31        00000
__Hsfr4                                     sfr4         00000
__Hsfr5                                     sfr5         00000
__Hsfr6                                     sfr6         00000
__Hsfr7                                     sfr7         00000
__Hsfr8                                     sfr8         00000
__Hsfr9                                     sfr9         00000
__Hspace_0                                  (abs)        08009
__Hspace_1                                  (abs)        0012D
__Hspace_2                                  (abs)        00000
__Hspace_3                                  (abs)        00000
__Hstack                                    stack        00000
__Hstrings                                  strings      00000
__Hstringtext1                              stringtext1  00000
__Hstringtext2                              stringtext2  00000
__Hstringtext3                              stringtext3  00000
__Hstringtext4                              stringtext4  00000
__Hstringtext5                              stringtext5  00000
__Hstringtext6                              stringtext6  00000
__Hstringtext7                              stringtext7  00000
__Hstringtext8                              stringtext8  00000
__Htext                                     text         00000
__Labs1                                     abs1         00000
__Lbank0                                    bank0        00000
__Lbank1                                    bank1        00000
__Lbank10                                   bank10       00000
__Lbank11                                   bank11       00000
__Lbank12                                   bank12       00000
__Lbank13                                   bank13       00000
__Lbank14                                   bank14       00000
__Lbank15                                   bank15       00000
__Lbank16                                   bank16       00000
__Lbank17                                   bank17       00000
__Lbank18                                   bank18       00000
__Lbank19                                   bank19       00000
__Lbank2                                    bank2        00000
__Lbank20                                   bank20       00000
__Lbank21                                   bank21       00000
__Lbank22                                   bank22       00000
__Lbank23                                   bank23       00000
__Lbank24                                   bank24       00000
__Lbank25                                   bank25       00000
__Lbank26                                   bank26       00000
__Lbank27                                   bank27       00000
__Lbank28                                   bank28       00000
__Lbank29                                   bank29       00000
__Lbank3                                    bank3        00000
__Lbank30                                   bank30       00000
__Lbank31                                   bank31       00000
__Lbank4                                    bank4        00000
__Lbank5                                    bank5        00000
__Lbank6                                    bank6        00000
__Lbank7                                    bank7        00000
__Lbank8                                    bank8        00000
__Lbank9                                    bank9        00000
__Lbigram                                   bigram       00000
__LbssBANK0                                 bssBANK0     00000
__LbssBANK1                                 bssBANK1     00000
__LbssBANK2                                 bssBANK2     00000
__Lcinit                                    cinit        0000C
__Lclrtext                                  clrtext      00000
__Lcode                                     code         00000
__Lcommon                                   common       00000
__Lconfig                                   config       08007
__LcstackBANK0                              cstackBANK0  00000
__LcstackBANK1                              cstackBANK1  00000
__LcstackCOMMON                             cstackCOMMON 00000
__Leeprom_data                              eeprom_data  00000
__Lend_init                                 end_init     0000A
__Lfunctab                                  functab      00000
__Lidloc                                    idloc        00000
__Linit                                     init         0000A
__Lintentry                                 intentry     00004
__Lmaintext                                 maintext     00000
__Lpa_nodes0                                pa_nodes0    00000
__Lpowerup                                  powerup      00000
__Lram                                      ram          00000
__Lreset_vec                                reset_vec    00000
__Lsfr0                                     sfr0         00000
__Lsfr1                                     sfr1         00000
__Lsfr10                                    sfr10        00000
__Lsfr11                                    sfr11        00000
__Lsfr12                                    sfr12        00000
__Lsfr13                                    sfr13        00000
__Lsfr14                                    sfr14        00000
__Lsfr15                                    sfr15        00000
__Lsfr16                                    sfr16        00000
__Lsfr17                                    sfr17        00000
__Lsfr18                                    sfr18        00000
__Lsfr19                                    sfr19        00000
__Lsfr2                                     sfr2         00000
__Lsfr20                                    sfr20        00000
__Lsfr21                                    sfr21        00000
__Lsfr22                                    sfr22        00000
__Lsfr23                                    sfr23        00000
__Lsfr24                                    sfr24        00000
__Lsfr25                                    sfr25        00000
__Lsfr26                                    sfr26        00000
__Lsfr27                                    sfr27        00000
__Lsfr28                                    sfr28        00000
__Lsfr29                                    sfr29        00000
__Lsfr3                                     sfr3         00000
__Lsfr30                                    sfr30        00000
__Lsfr31                                    sfr31        00000
__Lsfr4                                     sfr4         00000
__Lsfr5                                     sfr5         00000
__Lsfr6                                     sfr6         00000
__Lsfr7                                     sfr7         00000
__Lsfr8                                     sfr8         00000
__Lsfr9                                     sfr9         00000
__Lspace_0                                  (abs)        00000
__Lspace_1                                  (abs)        00000
__Lspace_2                                  (abs)        00000
__Lspace_3                                  (abs)        00000
__Lstack                                    stack        00000
__Lstrings                                  strings      00000
__Lstringtext1                              stringtext1  00000
__Lstringtext2                              stringtext2  00000
__Lstringtext3                              stringtext3  00000
__Lstringtext4                              stringtext4  00000
__Lstringtext5                              stringtext5  00000
__Lstringtext6                              stringtext6  00000
__Lstringtext7                              stringtext7  00000
__Lstringtext8                              stringtext8  00000
__Ltext                                     text         00000
__S0                                        (abs)        08009
__S1                                        (abs)        0012D
__S2                                        (abs)        00000
___int_sp                                   stack        00000
___latbits                                  (abs)        00002
___sp                                       stack        00000
__end_of_APP_KeyboardInit                   text39       002F6
__end_of_APP_KeyboardProcessOutputReport    cinit        0016C
__end_of_APP_KeyboardTasks                  cinit        000F0
__end_of_APP_LEDUpdateUSBStatus             text47       00CAB
__end_of_BUTTON_Enable                      cinit        001C5
__end_of_BUTTON_IsPressed                   cinit        002C7
__end_of_BUTTON_UpdateStates                text47       00DC6
__end_of_LED_Enable                         cinit        001D8
__end_of_LED_Off                            cinit        0027F
__end_of_LED_On                             cinit        00294
__end_of_SYSTEM_Initialize                  cinit        0019E
__end_of_SYS_InterruptHigh                  intentry     0000A
__end_of_USBCheckHIDRequest                 text34       00621
__end_of_USBCheckStdRequest                 text47       00895
__end_of_USBConfigureEndpoint               text39       00340
__end_of_USBCtrlEPAllowDataStage            text47       00A90
__end_of_USBCtrlEPAllowStatusStage          text47       00D34
__end_of_USBCtrlEPService                   text47       00E66
__end_of_USBCtrlEPServiceComplete           text47       00A38
__end_of_USBCtrlTrfInHandler                text47       00EFA
__end_of_USBCtrlTrfOutHandler               text43       0051B
__end_of_USBCtrlTrfRxService                text43       005B5
__end_of_USBCtrlTrfSetupHandler             text47       00854
__end_of_USBCtrlTrfTxService                text47       00F52
__end_of_USBDeviceAttach                    cinit        001F1
__end_of_USBDeviceInit                      cinit        0026A
__end_of_USBDeviceTasks                     text47       00C2D
__end_of_USBEnableEndpoint                  text39       00313
__end_of_USBHIDCBSetIdleRateHandler         text34       0062A
__end_of_USBHIDCBSetReportComplete          text47       00819
__end_of_USBHIDCBSetReportHandler           text34       00636
__end_of_USBIncrement1msInternalTimers      text47       00E78
__end_of_USBStallHandler                    text47       00F72
__end_of_USBStdFeatureReqHandler            text47       00B8D
__end_of_USBStdGetDscHandler                text47       00905
__end_of_USBStdGetStatusHandler             text47       00950
__end_of_USBStdSetCfgHandler                text47       009A9
__end_of_USBSuspend                         text47       00E88
__end_of_USBTransferOnePacket               cinit        00165
__end_of_USBWakeFromSuspend                 text47       00F89
__end_of_USB_CD_Ptr                         stringtext2  010D6
__end_of_USB_SD_Ptr                         stringtext1  010D0
__end_of_USER_USB_CALLBACK_EVENT_HANDLER    text47       00C68
__end_of__initialization                    cinit        00024
__end_of_configDescriptor1                  stringtext5  0109C
__end_of_device_dsc                         stringtext7  010CA
__end_of_hid_rpt01                          stringtext3  0103F
__end_of_main                               cinit        00031
__end_of_memset                             cinit        0017E
__end_of_sd000                              stringtext8  010D4
__end_of_sd001                              stringtext4  01073
__end_of_sd002                              stringtext6  010B8
__end_ofi1_APP_KeyboardProcessOutputReport  text47       00821
__end_ofi1_BUTTON_Enable                    text47       00E13
__end_ofi1_LED_Enable                       text47       00E27
__end_ofi1_LED_Off                          text47       00CBF
__end_ofi1_LED_On                           text47       00CD3
__end_ofi1_SYSTEM_Initialize                text47       00DE9
__end_ofi1_USBDeviceInit                    text47       01000
__end_ofi1_USBTransferOnePacket             text39       003B5
__end_ofi1_memset                           text47       009BB
__initialization                            cinit        0000C
__pbssBANK0                                 bssBANK0     00050
__pbssBANK1                                 bssBANK1     000A8
__pbssBANK2                                 bssBANK2     00121
__pcstackBANK0                              cstackBANK0  0005F
__pcstackBANK1                              cstackBANK1  000DE
__pcstackCOMMON                             cstackCOMMON 00070
__pintentry                                 intentry     00004
__pmaintext                                 cinit        00027
__pstringtext1                              stringtext1  010CA
__pstringtext2                              stringtext2  010D4
__pstringtext3                              stringtext3  01000
__pstringtext4                              stringtext4  0103F
__pstringtext5                              stringtext5  01073
__pstringtext6                              stringtext6  0109C
__pstringtext7                              stringtext7  010B8
__pstringtext8                              stringtext8  010D0
__pswtext1                                  swtext1      003E5
__pswtext2                                  swtext2      003ED
__pswtext3                                  swtext3      003B5
__pswtext4                                  swtext4      00400
__pswtext5                                  swtext5      003F5
__pswtext6                                  swtext6      003CF
__pswtext7                                  swtext7      00636
__pswtext8                                  swtext8      0063E
__pswtext9                                  swtext9      00646
__ptext1                                    cinit        001F1
__ptext10                                   cinit        00165
__ptext11                                   cinit        0027F
__ptext12                                   cinit        0026A
__ptext14                                   text47       00B8D
__ptext15                                   text47       00F89
__ptext16                                   text47       00F72
__ptext17                                   text47       00E78
__ptext18                                   text47       00F52
__ptext19                                   text47       00E66
__ptext2                                    cinit        001D8
__ptext20                                   text47       00E27
__ptext21                                   text47       00821
__ptext22                                   text47       009BB
__ptext23                                   text47       00A38
__ptext24                                   text47       00854
__ptext25                                   text47       00950
__ptext26                                   text47       009A9
__ptext27                                   text47       00905
__ptext28                                   text47       00895
__ptext29                                   text47       00A90
__ptext3                                    cinit        0017E
__ptext30                                   text47       00C2D
__ptext31                                   text47       00DC6
__ptext32                                   text47       00E13
__ptext33                                   text47       00DE9
__ptext34                                   text34       005B5
__ptext35                                   text34       0062A
__ptext36                                   text34       00621
__ptext37                                   text47       00D34
__ptext38                                   text47       00C68
__ptext39                                   text39       002C7
__ptext4                                    cinit        001C5
__ptext40                                   text39       00340
__ptext41                                   text39       002F6
__ptext42                                   text39       00313
__ptext43                                   text43       004EA
__ptext44                                   text43       0051B
__ptext45                                   text47       00CD3
__ptext46                                   text47       00E88
__ptext47                                   text47       00813
__ptext48                                   text47       00819
__ptext49                                   text47       00CBF
__ptext5                                    cinit        0019E
__ptext50                                   text47       00CAB
__ptext51                                   text47       00EFA
__ptext6                                    cinit        00031
__ptext7                                    cinit        0016C
__ptext8                                    cinit        000F0
__ptext9                                    cinit        00294
__size_of_APP_KeyboardInit                  (abs)        00000
__size_of_APP_KeyboardProcessOutputReport   (abs)        00000
__size_of_APP_KeyboardTasks                 (abs)        00000
__size_of_APP_LEDUpdateUSBStatus            (abs)        00000
__size_of_BUTTON_Enable                     (abs)        00000
__size_of_BUTTON_IsPressed                  (abs)        00000
__size_of_BUTTON_UpdateStates               (abs)        00000
__size_of_LED_Enable                        (abs)        00000
__size_of_LED_Off                           (abs)        00000
__size_of_LED_On                            (abs)        00000
__size_of_SYSTEM_Initialize                 (abs)        00000
__size_of_SYS_InterruptHigh                 (abs)        00000
__size_of_USBCheckHIDRequest                (abs)        00000
__size_of_USBCheckStdRequest                (abs)        00000
__size_of_USBConfigureEndpoint              (abs)        00000
__size_of_USBCtrlEPAllowDataStage           (abs)        00000
__size_of_USBCtrlEPAllowStatusStage         (abs)        00000
__size_of_USBCtrlEPService                  (abs)        00000
__size_of_USBCtrlEPServiceComplete          (abs)        00000
__size_of_USBCtrlTrfInHandler               (abs)        00000
__size_of_USBCtrlTrfOutHandler              (abs)        00000
__size_of_USBCtrlTrfRxService               (abs)        00000
__size_of_USBCtrlTrfSetupHandler            (abs)        00000
__size_of_USBCtrlTrfTxService               (abs)        00000
__size_of_USBDeviceAttach                   (abs)        00000
__size_of_USBDeviceInit                     (abs)        00000
__size_of_USBDeviceTasks                    (abs)        00000
__size_of_USBEnableEndpoint                 (abs)        00000
__size_of_USBHIDCBSetIdleRateHandler        (abs)        00000
__size_of_USBHIDCBSetReportComplete         (abs)        00000
__size_of_USBHIDCBSetReportHandler          (abs)        00000
__size_of_USBIncrement1msInternalTimers     (abs)        00000
__size_of_USBStallHandler                   (abs)        00000
__size_of_USBStdFeatureReqHandler           (abs)        00000
__size_of_USBStdGetDscHandler               (abs)        00000
__size_of_USBStdGetStatusHandler            (abs)        00000
__size_of_USBStdSetCfgHandler               (abs)        00000
__size_of_USBSuspend                        (abs)        00000
__size_of_USBTransferOnePacket              (abs)        00000
__size_of_USBWakeFromSuspend                (abs)        00000
__size_of_USER_USB_CALLBACK_EVENT_HANDLER   (abs)        00000
__size_of_main                              (abs)        00000
__size_of_memset                            (abs)        00000
__size_ofi1_APP_KeyboardProcessOutputReport (abs)        00000
__size_ofi1_BUTTON_Enable                   (abs)        00000
__size_ofi1_LED_Enable                      (abs)        00000
__size_ofi1_LED_Off                         (abs)        00000
__size_ofi1_LED_On                          (abs)        00000
__size_ofi1_SYSTEM_Initialize               (abs)        00000
__size_ofi1_USBDeviceInit                   (abs)        00000
__size_ofi1_USBTransferOnePacket            (abs)        00000
__size_ofi1_memset                          (abs)        00000
_active_protocol                            bssBANK1     000DC
_configDescriptor1                          stringtext5  01073
_controlTransferState                       bssBANK0     00058
_device_dsc                                 stringtext7  010B8
_endpoint_number                            bssBANK0     00056
_ep_data_in                                 bssBANK1     000CA
_ep_data_out                                bssBANK1     000C8
_hid_rpt01                                  stringtext3  01000
_idle_rate                                  bssBANK1     000DD
_inPipes                                    bssBANK1     000AF
_inputReport                                (abs)        000A0
_keyboard                                   bssBANK1     000B4
_keyboardIdleRate                           bssBANK1     000C6
_main                                       cinit        00027
_memset                                     cinit        0016C
_oldInputReport                             bssBANK2     00121
_outPipes                                   bssBANK1     000A8
_outputReport                               (abs)        00120
_pBDTEntryEP0OutCurrent                     bssBANK0     0005A
_pBDTEntryEP0OutNext                        bssBANK0     00050
_pBDTEntryIn                                bssBANK1     000B8
_pBDTEntryOut                               bssBANK1     000BC
_pDst                                       bssBANK0     00057
_sd000                                      stringtext8  010D0
_sd001                                      stringtext4  0103F
_sd002                                      stringtext6  0109C
_shortPacketStatus                          bssBANK0     00059
_state1                                     bssBANK1     000D2
_state2                                     bssBANK1     000D0
_state3                                     bssBANK1     000CE
_timer                                      bssBANK1     000CC
btemp                                       (abs)        0007E
clear_ram0                                  clrtext      0064E
end_of_initialization                       cinit        00024
i1BUTTON_Enable@button                      cstackCOMMON 00070
i1LED_Enable@led                            cstackCOMMON 00070
i1LED_Off@led                               cstackCOMMON 00070
i1LED_On@led                                cstackCOMMON 00070
i1SYSTEM_Initialize@state                   cstackCOMMON 00071
i1USBDeviceInit@i                           cstackCOMMON 00073
i1USBDeviceInit@i_1020                      cstackCOMMON 00072
i1USBDeviceInit@p                           cstackCOMMON 00070
i1USBTransferOnePacket@data                 cstackCOMMON 00071
i1USBTransferOnePacket@dir                  cstackCOMMON 00070
i1USBTransferOnePacket@ep                   cstackCOMMON 00078
i1USBTransferOnePacket@handle               cstackCOMMON 00079
i1USBTransferOnePacket@len                  cstackCOMMON 00073
i1_APP_KeyboardProcessOutputReport          text47       00819
i1_BUTTON_Enable                            text47       00DE9
i1_LED_Enable                               text47       00E13
i1_LED_Off                                  text47       00CAB
i1_LED_On                                   text47       00CBF
i1_SYSTEM_Initialize                        text47       00DC6
i1_USBDeviceInit                            text47       00F89
i1_USBTransferOnePacket                     text39       00340
i1_memset                                   text47       009A9
i1memset@c                                  cstackCOMMON 00070
i1memset@n                                  cstackCOMMON 00072
i1memset@p                                  cstackCOMMON 00075
i1memset@p1                                 cstackCOMMON 00074
int$flags                                   (abs)        0007E
intlevel0                                   functab      00000
intlevel1                                   functab      00000
intlevel2                                   functab      00000
intlevel3                                   functab      00000
intlevel4                                   functab      00000
intlevel5                                   functab      00000
memset@c                                    cstackBANK1  000DE
memset@n                                    cstackBANK1  000E0
memset@p                                    cstackBANK1  000E2
memset@p1                                   cstackBANK1  000E3
reset_vec                                   reset_vec    00000
stackhi                                     (abs)        023EF
stacklo                                     (abs)        020AD
start                                       init         0000A
start_initialization                        cinit        0000C
wtemp0                                      (abs)        0007E


FUNCTION INFORMATION:

 *************** function _main *****************
 Defined at:
		line 38 in file "demo_src/main.c"
 Parameters:    Size  Location     Type
		None
 Auto vars:     Size  Location     Type
		None
 Return value:  Size  Location     Type
                  2  743[None  ] int 
 Registers used:
		wreg, fsr0l, fsr0h, fsr1l, fsr1h, status,2, status,0, pclath, cstack
 Tracked objects:
		On entry : 
		On exit  : 
		Unchanged: 
 Data sizes:     COMMON   BANK0   BANK1   BANK2   BANK3   BANK4   BANK5   BANK6   BANK7   BANK8   BANK9  BANK10  BANK11  BANK12
      Params:         0       0       0       0       0       0       0       0       0       0       0       0       0       0
      Locals:         0       0       0       0       0       0       0       0       0       0       0       0       0       0
      Temps:          0       0       0       0       0       0       0       0       0       0       0       0       0       0
      Totals:         0       0       0       0       0       0       0       0       0       0       0       0       0       0
Total ram usage:        0 bytes
 Hardware stack levels required when called:   13
 This function calls:
		_APP_KeyboardTasks
		_SYSTEM_Initialize
		_USBDeviceAttach
		_USBDeviceInit
 This function is called by:
		Startup code after reset
 This function uses a non-reentrant model


 *************** function _USBDeviceInit *****************
 Defined at:
		line 277 in file "usb/usb_device.c"
 Parameters:    Size  Location     Type
		None
 Auto vars:     Size  Location     Type
  p               2    0[BANK1 ] PTR unsigned char 
		 -> UEP1(1), 
  i               1    2[BANK1 ] unsigned char 
  i               1    3[BANK1 ] unsigned char 
 Return value:  Size  Location     Type
                  1    wreg      void 
 Registers used:
		wreg, fsr1l, fsr1h, status,2, status,0
 Tracked objects:
		On entry : 
		On exit  : 
		Unchanged: 
 Data sizes:     COMMON   BANK0   BANK1   BANK2   BANK3   BANK4   BANK5   BANK6   BANK7   BANK8   BANK9  BANK10  BANK11  BANK12
      Params:         0       0       0       0       0       0       0       0       0       0       0       0       0       0
      Locals:         0       0       4       0       0       0       0       0       0       0       0       0       0       0
      Temps:          0       0       0       0       0       0       0       0       0       0       0       0       0       0
      Totals:         0       0       4       0       0       0       0       0       0       0       0       0       0       0
Total ram usage:        4 bytes
 Hardware stack levels used:    1
 Hardware stack levels required when called:   10
 This function calls:
		Nothing
 This function is called by:
		_main
 This function uses a non-reentrant model


 *************** function _USBDeviceAttach *****************
 Defined at:
		line 1352 in file "usb/usb_device.c"
 Parameters:    Size  Location     Type
		None
 Auto vars:     Size  Location     Type
		None
 Return value:  Size  Location     Type
                  1    wreg      void 
 Registers used:
		wreg, status,2, status,0
 Tracked objects:
		On entry : 
		On exit  : 
		Unchanged: 
 Data sizes:     COMMON   BANK0   BANK1   BANK2   BANK3   BANK4   BANK5   BANK6   BANK7   BANK8   BANK9  BANK10  BANK11  BANK12
      Params:         0       0       0       0       0       0       0       0       0       0       0       0       0       0
      Locals:         0       0       0       0       0       0       0       0       0       0       0       0       0       0
      Temps:          0       0       0       0       0       0       0       0       0       0       0       0       0       0
      Totals:         0       0       0       0       0       0       0       0       0       0       0       0       0       0
Total ram usage:        0 bytes
 Hardware stack levels used:    1
 Hardware stack levels required when called:   10
 This function calls:
		Nothing
 This function is called by:
		_main
 This function uses a non-reentrant model


 *************** function _SYSTEM_Initialize *****************
 Defined at:
		line 84 in file "system.c"
 Parameters:    Size  Location     Type
  state           1    wreg     enum E2866
 Auto vars:     Size  Location     Type
  state           1    1[BANK1 ] enum E2866
 Return value:  Size  Location     Type
                  1    wreg      void 
 Registers used:
		wreg, fsr0l, fsr0h, status,2, status,0, pclath, cstack
 Tracked objects:
		On entry : 
		On exit  : 
		Unchanged: 
 Data sizes:     COMMON   BANK0   BANK1   BANK2   BANK3   BANK4   BANK5   BANK6   BANK7   BANK8   BANK9  BANK10  BANK11  BANK12
      Params:         0       0       0       0       0       0       0       0       0       0       0       0       0       0
      Locals:         0       0       1       0       0       0       0       0       0       0       0       0       0       0
      Temps:          0       0       0       0       0       0       0       0       0       0       0       0       0       0
      Totals:         0       0       1       0       0       0       0       0       0       0       0       0       0       0
Total ram usage:        1 bytes
 Hardware stack levels used:    1
 Hardware stack levels required when called:   11
 This function calls:
		_BUTTON_Enable
		_LED_Enable
 This function is called by:
		_main
 This function uses a non-reentrant model


 *************** function _LED_Enable *****************
 Defined at:
		line 220 in file "bsp/leds.c"
 Parameters:    Size  Location     Type
  led             1    wreg     enum E2
 Auto vars:     Size  Location     Type
  led             1    0[BANK1 ] enum E2
 Return value:  Size  Location     Type
                  1    wreg      void 
 Registers used:
		wreg, fsr0l, fsr0h, status,2, status,0
 Tracked objects:
		On entry : 
		On exit  : 
		Unchanged: 
 Data sizes:     COMMON   BANK0   BANK1   BANK2   BANK3   BANK4   BANK5   BANK6   BANK7   BANK8   BANK9  BANK10  BANK11  BANK12
      Params:         0       0       0       0       0       0       0       0       0       0       0       0       0       0
      Locals:         0       0       1       0       0       0       0       0       0       0       0       0       0       0
      Temps:          0       0       0       0       0       0       0       0       0       0       0       0       0       0
      Totals:         0       0       1       0       0       0       0       0       0       0       0       0       0       0
Total ram usage:        1 bytes
 Hardware stack levels used:    1
 Hardware stack levels required when called:   10
 This function calls:
		Nothing
 This function is called by:
		_SYSTEM_Initialize
 This function uses a non-reentrant model


 *************** function _BUTTON_Enable *****************
 Defined at:
		line 155 in file "bsp/buttons.c"
 Parameters:    Size  Location     Type
  button          1    wreg     enum E2617
 Auto vars:     Size  Location     Type
  button          1    0[BANK1 ] enum E2617
 Return value:  Size  Location     Type
                  1    wreg      void 
 Registers used:
		wreg, fsr0l, fsr0h, status,2, status,0
 Tracked objects:
		On entry : 
		On exit  : 
		Unchanged: 
 Data sizes:     COMMON   BANK0   BANK1   BANK2   BANK3   BANK4   BANK5   BANK6   BANK7   BANK8   BANK9  BANK10  BANK11  BANK12
      Params:         0       0       0       0       0       0       0       0       0       0       0       0       0       0
      Locals:         0       0       1       0       0       0       0       0       0       0       0       0       0       0
      Temps:          0       0       0       0       0       0       0       0       0       0       0       0       0       0
      Totals:         0       0       1       0       0       0       0       0       0       0       0       0       0       0
Total ram usage:        1 bytes
 Hardware stack levels used:    1
 Hardware stack levels required when called:   10
 This function calls:
		Nothing
 This function is called by:
		_SYSTEM_Initialize
 This function uses a non-reentrant model


 *************** function _APP_KeyboardTasks *****************
 Defined at:
		line 294 in file "demo_src/app_device_keyboard.c"
 Parameters:    Size  Location     Type
		None
 Auto vars:     Size  Location     Type
  TimeDeltaMil    2   13[BANK1 ] int 
  keynum          2    0        int 
  i               1   15[BANK1 ] unsigned char 
  needToSendNe    1   12[BANK1 ] unsigned char 
 Return value:  Size  Location     Type
                  1    wreg      void 
 Registers used:
		wreg, fsr0l, fsr0h, fsr1l, fsr1h, status,2, status,0, pclath, cstack
 Tracked objects:
		On entry : 
		On exit  : 
		Unchanged: 
 Data sizes:     COMMON   BANK0   BANK1   BANK2   BANK3   BANK4   BANK5   BANK6   BANK7   BANK8   BANK9  BANK10  BANK11  BANK12
      Params:         0       0       0       0       0       0       0       0       0       0       0       0       0       0
      Locals:         0       0       4       0       0       0       0       0       0       0       0       0       0       0
      Temps:          0       0       1       0       0       0       0       0       0       0       0       0       0       0
      Totals:         0       0       5       0       0       0       0       0       0       0       0       0       0       0
Total ram usage:        5 bytes
 Hardware stack levels used:    1
 Hardware stack levels required when called:   12
 This function calls:
		_APP_KeyboardProcessOutputReport
		_BUTTON_IsPressed
		_USBTransferOnePacket
		_memset
 This function is called by:
		_main
 This function uses a non-reentrant model


 *************** function _memset *****************
 Defined at:
		line 8 in file "C:\Program Files (x86)\Microchip\xc8\v1.45\sources\common\memset.c"
 Parameters:    Size  Location     Type
  p1              1    wreg     PTR void 
		 -> inputReport(8), USBAlternateInterface(1), BDT(32), 
  c               2    0[BANK1 ] int 
  n               2    2[BANK1 ] unsigned int 
 Auto vars:     Size  Location     Type
  p1              1    5[BANK1 ] PTR void 
		 -> inputReport(8), USBAlternateInterface(1), BDT(32), 
  p               1    4[BANK1 ] PTR unsigned char 
		 -> inputReport(8), USBAlternateInterface(1), BDT(32), 
 Return value:  Size  Location     Type
                  1    wreg      PTR void 
 Registers used:
		wreg, fsr1l, fsr1h, status,2, status,0
 Tracked objects:
		On entry : 
		On exit  : 
		Unchanged: 
 Data sizes:     COMMON   BANK0   BANK1   BANK2   BANK3   BANK4   BANK5   BANK6   BANK7   BANK8   BANK9  BANK10  BANK11  BANK12
      Params:         0       0       4       0       0       0       0       0       0       0       0       0       0       0
      Locals:         0       0       2       0       0       0       0       0       0       0       0       0       0       0
      Temps:          0       0       0       0       0       0       0       0       0       0       0       0       0       0
      Totals:         0       0       6       0       0       0       0       0       0       0       0       0       0       0
Total ram usage:        6 bytes
 Hardware stack levels used:    1
 Hardware stack levels required when called:   10
 This function calls:
		Nothing
 This function is called by:
		_APP_KeyboardTasks
 This function uses a non-reentrant model


 *************** function _USBTransferOnePacket *****************
 Defined at:
		line 995 in file "usb/usb_device.c"
 Parameters:    Size  Location     Type
  ep              1    wreg     unsigned char 
  dir             1    0[BANK1 ] unsigned char 
  data            2    1[BANK1 ] PTR unsigned char 
		 -> inputReport(8), outputReport(1), 
  len             1    3[BANK1 ] unsigned char 
 Auto vars:     Size  Location     Type
  ep              1    8[BANK1 ] unsigned char 
  handle          2    9[BANK1 ] PTR volatile struct __BD
		 -> RAM(4096), NULL(0), BDT(32), 
 Return value:  Size  Location     Type
                  2    0[BANK1 ] PTR void 
 Registers used:
		wreg, fsr1l, fsr1h, status,2, status,0
 Tracked objects:
		On entry : 
		On exit  : 
		Unchanged: 
 Data sizes:     COMMON   BANK0   BANK1   BANK2   BANK3   BANK4   BANK5   BANK6   BANK7   BANK8   BANK9  BANK10  BANK11  BANK12
      Params:         0       0       4       0       0       0       0       0       0       0       0       0       0       0
      Locals:         0       0       3       0       0       0       0       0       0       0       0       0       0       0
      Temps:          0       0       4       0       0       0       0       0       0       0       0       0       0       0
      Totals:         0       0      11       0       0       0       0       0       0       0       0       0       0       0
Total ram usage:       11 bytes
 Hardware stack levels used:    1
 Hardware stack levels required when called:   10
 This function calls:
		Nothing
 This function is called by:
		_APP_KeyboardTasks
 This function uses a non-reentrant model


 *************** function _BUTTON_IsPressed *****************
 Defined at:
		line 119 in file "bsp/buttons.c"
 Parameters:    Size  Location     Type
  button          1    wreg     enum E2617
 Auto vars:     Size  Location     Type
  button          1    1[BANK1 ] enum E2617
 Return value:  Size  Location     Type
                  1    wreg      unsigned char 
 Registers used:
		wreg, fsr0l, fsr0h, status,2, status,0
 Tracked objects:
		On entry : 
		On exit  : 
		Unchanged: 
 Data sizes:     COMMON   BANK0   BANK1   BANK2   BANK3   BANK4   BANK5   BANK6   BANK7   BANK8   BANK9  BANK10  BANK11  BANK12
      Params:         0       0       0       0       0       0       0       0       0       0       0       0       0       0
      Locals:         0       0       1       0       0       0       0       0       0       0       0       0       0       0
      Temps:          0       0       1       0       0       0       0       0       0       0       0       0       0       0
      Totals:         0       0       2       0       0       0       0       0       0       0       0       0       0       0
Total ram usage:        2 bytes
 Hardware stack levels used:    1
 Hardware stack levels required when called:   10
 This function calls:
		Nothing
 This function is called by:
		_APP_KeyboardTasks
 This function uses a non-reentrant model


 *************** function _APP_KeyboardProcessOutputReport *****************
 Defined at:
		line 431 in file "demo_src/app_device_keyboard.c"
 Parameters:    Size  Location     Type
		None
 Auto vars:     Size  Location     Type
		None
 Return value:  Size  Location     Type
                  1    wreg      void 
 Registers used:
		wreg, fsr0l, fsr0h, status,2, status,0, pclath, cstack
 Tracked objects:
		On entry : 
		On exit  : 
		Unchanged: 
 Data sizes:     COMMON   BANK0   BANK1   BANK2   BANK3   BANK4   BANK5   BANK6   BANK7   BANK8   BANK9  BANK10  BANK11  BANK12
      Params:         0       0       0       0       0       0       0       0       0       0       0       0       0       0
      Locals:         0       0       0       0       0       0       0       0       0       0       0       0       0       0
      Temps:          0       0       0       0       0       0       0       0       0       0       0       0       0       0
      Totals:         0       0       0       0       0       0       0       0       0       0       0       0       0       0
Total ram usage:        0 bytes
 Hardware stack levels used:    1
 Hardware stack levels required when called:   11
 This function calls:
		_LED_Off
		_LED_On
 This function is called by:
		_APP_KeyboardTasks
 This function uses a non-reentrant model


 *************** function _LED_On *****************
 Defined at:
		line 59 in file "bsp/leds.c"
 Parameters:    Size  Location     Type
  led             1    wreg     enum E2
 Auto vars:     Size  Location     Type
  led             1    0[BANK1 ] enum E2
 Return value:  Size  Location     Type
                  1    wreg      void 
 Registers used:
		wreg, fsr0l, fsr0h, status,2, status,0
 Tracked objects:
		On entry : 
		On exit  : 
		Unchanged: 
 Data sizes:     COMMON   BANK0   BANK1   BANK2   BANK3   BANK4   BANK5   BANK6   BANK7   BANK8   BANK9  BANK10  BANK11  BANK12
      Params:         0       0       0       0       0       0       0       0       0       0       0       0       0       0
      Locals:         0       0       1       0       0       0       0       0       0       0       0       0       0       0
      Temps:          0       0       0       0       0       0       0       0       0       0       0       0       0       0
      Totals:         0       0       1       0       0       0       0       0       0       0       0       0       0       0
Total ram usage:        1 bytes
 Hardware stack levels used:    1
 Hardware stack levels required when called:   10
 This function calls:
		Nothing
 This function is called by:
		_APP_KeyboardProcessOutputReport
 This function uses a non-reentrant model


 *************** function _LED_Off *****************
 Defined at:
		line 100 in file "bsp/leds.c"
 Parameters:    Size  Location     Type
  led             1    wreg     enum E2
 Auto vars:     Size  Location     Type
  led             1    0[BANK1 ] enum E2
 Return value:  Size  Location     Type
                  1    wreg      void 
 Registers used:
		wreg, fsr0l, fsr0h, status,2, status,0
 Tracked objects:
		On entry : 
		On exit  : 
		Unchanged: 
 Data sizes:     COMMON   BANK0   BANK1   BANK2   BANK3   BANK4   BANK5   BANK6   BANK7   BANK8   BANK9  BANK10  BANK11  BANK12
      Params:         0       0       0       0       0       0       0       0       0       0       0       0       0       0
      Locals:         0       0       1       0       0       0       0       0       0       0       0       0       0       0
      Temps:          0       0       0       0       0       0       0       0       0       0       0       0       0       0
      Totals:         0       0       1       0       0       0       0       0       0       0       0       0       0       0
Total ram usage:        1 bytes
 Hardware stack levels used:    1
 Hardware stack levels required when called:   10
 This function calls:
		Nothing
 This function is called by:
		_APP_KeyboardProcessOutputReport
 This function uses a non-reentrant model


 *************** function _SYS_InterruptHigh *****************
 Defined at:
		line 112 in file "system.c"
 Parameters:    Size  Location     Type
		None
 Auto vars:     Size  Location     Type
		None
 Return value:  Size  Location     Type
                  1    wreg      void 
 Registers used:
		wreg, fsr0l, fsr0h, fsr1l, fsr1h, status,2, status,0, pclath, cstack
 Tracked objects:
		On entry : 
		On exit  : 
		Unchanged: 
 Data sizes:     COMMON   BANK0   BANK1   BANK2   BANK3   BANK4   BANK5   BANK6   BANK7   BANK8   BANK9  BANK10  BANK11  BANK12
      Params:         0       0       0       0       0       0       0       0       0       0       0       0       0       0
      Locals:         0       0       0       0       0       0       0       0       0       0       0       0       0       0
      Temps:          0       0       0       0       0       0       0       0       0       0       0       0       0       0
      Totals:         0       0       0       0       0       0       0       0       0       0       0       0       0       0
Total ram usage:        0 bytes
 Hardware stack levels used:    1
 Hardware stack levels required when called:    9
 This function calls:
		_USBDeviceTasks
 This function is called by:
		Interrupt level 1
 This function uses a non-reentrant model


 *************** function _USBDeviceTasks *****************
 Defined at:
		line 477 in file "usb/usb_device.c"
 Parameters:    Size  Location     Type
		None
 Auto vars:     Size  Location     Type
  i               1   14[BANK0 ] unsigned char 
 Return value:  Size  Location     Type
                  1    wreg      void 
 Registers used:
		wreg, fsr0l, fsr0h, fsr1l, fsr1h, status,2, status,0, pclath, cstack
 Tracked objects:
		On entry : 
		On exit  : 
		Unchanged: 
 Data sizes:     COMMON   BANK0   BANK1   BANK2   BANK3   BANK4   BANK5   BANK6   BANK7   BANK8   BANK9  BANK10  BANK11  BANK12
      Params:         0       0       0       0       0       0       0       0       0       0       0       0       0       0
      Locals:         0       1       0       0       0       0       0       0       0       0       0       0       0       0
      Temps:          1       0       0       0       0       0       0       0       0       0       0       0       0       0
      Totals:         1       1       0       0       0       0       0       0       0       0       0       0       0       0
[...]
      Totals:        11       0       0       0       0       0       0       0       0       0       0       0       0       0
Total ram usage:       11 bytes
 Hardware stack levels used:    1
 This function calls:
		Nothing
 This function is called by:
		_APP_KeyboardInit
 This function uses a non-reentrant model


 *************** function _USBEnableEndpoint *****************
 Defined at:
		line 878 in file "usb/usb_device.c"
 Parameters:    Size  Location     Type
  ep              1    wreg     unsigned char 
  options         1    4[COMMON] unsigned char 
 Auto vars:     Size  Location     Type
  ep              1    9[COMMON] unsigned char 
  p               2    7[COMMON] PTR unsigned char 
		 -> UEP0(1), 
 Return value:  Size  Location     Type
                  1    wreg      void 
 Registers used:
		wreg, fsr1l, fsr1h, status,2, status,0, pclath, cstack
 Tracked objects:
		On entry : 
		On exit  : 
		Unchanged: 
 Data sizes:     COMMON   BANK0   BANK1   BANK2   BANK3   BANK4   BANK5   BANK6   BANK7   BANK8   BANK9  BANK10  BANK11  BANK12
      Params:         1       0       0       0       0       0       0       0       0       0       0       0       0       0
      Locals:         3       0       0       0       0       0       0       0       0       0       0       0       0       0
      Temps:          2       0       0       0       0       0       0       0       0       0       0       0       0       0
      Totals:         6       0       0       0       0       0       0       0       0       0       0       0       0       0
Total ram usage:        6 bytes
 Hardware stack levels used:    1
 Hardware stack levels required when called:    1
 This function calls:
		_USBConfigureEndpoint
 This function is called by:
		_APP_KeyboardInit
 This function uses a non-reentrant model


 *************** function _USBConfigureEndpoint *****************
 Defined at:
		line 1543 in file "usb/usb_device.c"
 Parameters:    Size  Location     Type
  EPNum           1    wreg     unsigned char 
  direction       1    0[COMMON] unsigned char 
 Auto vars:     Size  Location     Type
  EPNum           1    2[COMMON] unsigned char 
  handle          1    3[COMMON] PTR volatile struct __BD
		 -> BDT(32), 
 Return value:  Size  Location     Type
                  1    wreg      void 
 Registers used:
		wreg, fsr1l, fsr1h, status,2, status,0
 Tracked objects:
		On entry : 
		On exit  : 
		Unchanged: 
 Data sizes:     COMMON   BANK0   BANK1   BANK2   BANK3   BANK4   BANK5   BANK6   BANK7   BANK8   BANK9  BANK10  BANK11  BANK12
      Params:         1       0       0       0       0       0       0       0       0       0       0       0       0       0
      Locals:         2       0       0       0       0       0       0       0       0       0       0       0       0       0
      Temps:          1       0       0       0       0       0       0       0       0       0       0       0       0       0
      Totals:         4       0       0       0       0       0       0       0       0       0       0       0       0       0
Total ram usage:        4 bytes
 Hardware stack levels used:    1
 This function calls:
		Nothing
 This function is called by:
		_USBEnableEndpoint
 This function uses a non-reentrant model


 *************** function _USBCtrlTrfOutHandler *****************
 Defined at:
		line 2538 in file "usb/usb_device.c"
 Parameters:    Size  Location     Type
		None
 Auto vars:     Size  Location     Type
		None
 Return value:  Size  Location     Type
                  1    wreg      void 
 Registers used:
		wreg, fsr0l, fsr0h, fsr1l, fsr1h, status,2, status,0, pclath, cstack
 Tracked objects:
		On entry : 
		On exit  : 
		Unchanged: 
 Data sizes:     COMMON   BANK0   BANK1   BANK2   BANK3   BANK4   BANK5   BANK6   BANK7   BANK8   BANK9  BANK10  BANK11  BANK12
      Params:         0       0       0       0       0       0       0       0       0       0       0       0       0       0
      Locals:         0       0       0       0       0       0       0       0       0       0       0       0       0       0
      Temps:          2       0       0       0       0       0       0       0       0       0       0       0       0       0
      Totals:         2       0       0       0       0       0       0       0       0       0       0       0       0       0
Total ram usage:        2 bytes
 Hardware stack levels used:    1
 Hardware stack levels required when called:    4
 This function calls:
		_USBCtrlTrfRxService
 This function is called by:
		_USBCtrlEPService
 This function uses a non-reentrant model


 *************** function _USBCtrlTrfRxService *****************
 Defined at:
		line 1852 in file "usb/usb_device.c"
 Parameters:    Size  Location     Type
		None
 Auto vars:     Size  Location     Type
  byteToRead      1    5[COMMON] unsigned char 
  i               1    4[COMMON] unsigned char 
 Return value:  Size  Location     Type
                  1    wreg      void 
 Registers used:
		wreg, fsr0l, fsr0h, fsr1l, fsr1h, status,2, status,0, pclath, cstack
 Tracked objects:
		On entry : 
		On exit  : 
		Unchanged: 
 Data sizes:     COMMON   BANK0   BANK1   BANK2   BANK3   BANK4   BANK5   BANK6   BANK7   BANK8   BANK9  BANK10  BANK11  BANK12
      Params:         0       0       0       0       0       0       0       0       0       0       0       0       0       0
      Locals:         2       0       0       0       0       0       0       0       0       0       0       0       0       0
      Temps:          2       0       0       0       0       0       0       0       0       0       0       0       0       0
      Totals:         4       0       0       0       0       0       0       0       0       0       0       0       0       0
Total ram usage:        4 bytes
 Hardware stack levels used:    1
 Hardware stack levels required when called:    3
 This function calls:
		_USBCtrlEPAllowStatusStage
		_USBHIDCBSetReportComplete
 This function is called by:
		_USBCtrlTrfOutHandler
 This function uses a non-reentrant model


 *************** function _USBCtrlEPAllowStatusStage *****************
 Defined at:
		line 1416 in file "usb/usb_device.c"
 Parameters:    Size  Location     Type
		None
 Auto vars:     Size  Location     Type
		None
 Return value:  Size  Location     Type
                  1    wreg      void 
 Registers used:
		wreg, fsr1l, fsr1h, status,2, status,0
 Tracked objects:
		On entry : 
		On exit  : 
		Unchanged: 
 Data sizes:     COMMON   BANK0   BANK1   BANK2   BANK3   BANK4   BANK5   BANK6   BANK7   BANK8   BANK9  BANK10  BANK11  BANK12
      Params:         0       0       0       0       0       0       0       0       0       0       0       0       0       0
      Locals:         0       0       0       0       0       0       0       0       0       0       0       0       0       0
      Temps:          2       0       0       0       0       0       0       0       0       0       0       0       0       0
      Totals:         2       0       0       0       0       0       0       0       0       0       0       0       0       0
Total ram usage:        2 bytes
 Hardware stack levels used:    1
 This function calls:
		Nothing
 This function is called by:
		_USBDeviceTasks
		_USBCtrlEPServiceComplete
		_USBCtrlTrfRxService
 This function uses a non-reentrant model


 *************** function _USBCtrlTrfInHandler *****************
 Defined at:
		line 2592 in file "usb/usb_device.c"
 Parameters:    Size  Location     Type
		None
 Auto vars:     Size  Location     Type
  lastDTS         1    5[COMMON] unsigned char 
 Return value:  Size  Location     Type
                  1    wreg      void 
 Registers used:
		wreg, fsr0l, fsr0h, fsr1l, fsr1h, status,2, status,0, pclath, cstack
 Tracked objects:
		On entry : 
		On exit  : 
		Unchanged: 
 Data sizes:     COMMON   BANK0   BANK1   BANK2   BANK3   BANK4   BANK5   BANK6   BANK7   BANK8   BANK9  BANK10  BANK11  BANK12
      Params:         0       0       0       0       0       0       0       0       0       0       0       0       0       0
      Locals:         1       0       0       0       0       0       0       0       0       0       0       0       0       0
      Temps:          2       0       0       0       0       0       0       0       0       0       0       0       0       0
      Totals:         3       0       0       0       0       0       0       0       0       0       0       0       0       0
Total ram usage:        3 bytes
 Hardware stack levels used:    1
 Hardware stack levels required when called:    3
 This function calls:
		_USBCtrlTrfTxService
		_USBHIDCBSetReportComplete
 This function is called by:
		_USBCtrlEPService
 This function uses a non-reentrant model


 *************** function _USBHIDCBSetReportComplete *****************
 Defined at:
		line 443 in file "demo_src/app_device_keyboard.c"
 Parameters:    Size  Location     Type
		None
 Auto vars:     Size  Location     Type
		None
 Return value:  Size  Location     Type
                  1    wreg      void 
 Registers used:
		wreg, fsr0l, fsr0h, status,2, status,0, pclath, cstack
 Tracked objects:
		On entry : 
		On exit  : 
		Unchanged: 
 Data sizes:     COMMON   BANK0   BANK1   BANK2   BANK3   BANK4   BANK5   BANK6   BANK7   BANK8   BANK9  BANK10  BANK11  BANK12
      Params:         0       0       0       0       0       0       0       0       0       0       0       0       0       0
      Locals:         0       0       0       0       0       0       0       0       0       0       0       0       0       0
      Temps:          0       0       0       0       0       0       0       0       0       0       0       0       0       0
      Totals:         0       0       0       0       0       0       0       0       0       0       0       0       0       0
Total ram usage:        0 bytes
 Hardware stack levels used:    1
 Hardware stack levels required when called:    2
 This function calls:
		i1_APP_KeyboardProcessOutputReport
 This function is called by:
		_USBHIDCBSetReportHandler
		_USBCtrlTrfRxService
		_USBCtrlTrfInHandler
 This function uses a non-reentrant model


 *************** function i1_APP_KeyboardProcessOutputReport *****************
 Defined at:
		line 431 in file "demo_src/app_device_keyboard.c"
 Parameters:    Size  Location     Type
		None
 Auto vars:     Size  Location     Type
		None
 Return value:  Size  Location     Type
                  1    wreg      void 
 Registers used:
		wreg, fsr0l, fsr0h, status,2, status,0, pclath, cstack
 Tracked objects:
		On entry : 
		On exit  : 
		Unchanged: 
 Data sizes:     COMMON   BANK0   BANK1   BANK2   BANK3   BANK4   BANK5   BANK6   BANK7   BANK8   BANK9  BANK10  BANK11  BANK12
      Params:         0       0       0       0       0       0       0       0       0       0       0       0       0       0
      Locals:         0       0       0       0       0       0       0       0       0       0       0       0       0       0
      Temps:          0       0       0       0       0       0       0       0       0       0       0       0       0       0
      Totals:         0       0       0       0       0       0       0       0       0       0       0       0       0       0
Total ram usage:        0 bytes
 Hardware stack levels used:    1
 Hardware stack levels required when called:    1
 This function calls:
		i1_LED_Off
		i1_LED_On
 This function is called by:
		_USBHIDCBSetReportComplete
 This function uses a non-reentrant model


 *************** function i1_LED_On *****************
 Defined at:
		line 59 in file "bsp/leds.c"
 Parameters:    Size  Location     Type
  led             1    wreg     enum E2
 Auto vars:     Size  Location     Type
  led             1    0[COMMON] enum E2
 Return value:  Size  Location     Type
                  1    wreg      void 
 Registers used:
		wreg, fsr0l, fsr0h, status,2, status,0
 Tracked objects:
		On entry : 
		On exit  : 
		Unchanged: 
 Data sizes:     COMMON   BANK0   BANK1   BANK2   BANK3   BANK4   BANK5   BANK6   BANK7   BANK8   BANK9  BANK10  BANK11  BANK12
      Params:         0       0       0       0       0       0       0       0       0       0       0       0       0       0
      Locals:         1       0       0       0       0       0       0       0       0       0       0       0       0       0
      Temps:          0       0       0       0       0       0       0       0       0       0       0       0       0       0
      Totals:         1       0       0       0       0       0       0       0       0       0       0       0       0       0
Total ram usage:        1 bytes
 Hardware stack levels used:    1
 This function calls:
		Nothing
 This function is called by:
		_APP_LEDUpdateUSBStatus
		i1_APP_KeyboardProcessOutputReport
 This function uses a non-reentrant model


 *************** function i1_LED_Off *****************
 Defined at:
		line 100 in file "bsp/leds.c"
 Parameters:    Size  Location     Type
  led             1    wreg     enum E2
 Auto vars:     Size  Location     Type
  led             1    0[COMMON] enum E2
 Return value:  Size  Location     Type
                  1    wreg      void 
 Registers used:
		wreg, fsr0l, fsr0h, status,2, status,0
 Tracked objects:
		On entry : 
		On exit  : 
		Unchanged: 
 Data sizes:     COMMON   BANK0   BANK1   BANK2   BANK3   BANK4   BANK5   BANK6   BANK7   BANK8   BANK9  BANK10  BANK11  BANK12
      Params:         0       0       0       0       0       0       0       0       0       0       0       0       0       0
      Locals:         1       0       0       0       0       0       0       0       0       0       0       0       0       0
      Temps:          0       0       0       0       0       0       0       0       0       0       0       0       0       0
      Totals:         1       0       0       0       0       0       0       0       0       0       0       0       0       0
Total ram usage:        1 bytes
 Hardware stack levels used:    1
 This function calls:
		Nothing
 This function is called by:
		_APP_LEDUpdateUSBStatus
		i1_APP_KeyboardProcessOutputReport
 This function uses a non-reentrant model


 *************** function _USBCtrlTrfTxService *****************
 Defined at:
		line 1771 in file "usb/usb_device.c"
 Parameters:    Size  Location     Type
		None
 Auto vars:     Size  Location     Type
  byteToSend      1    2[COMMON] unsigned char 
 Return value:  Size  Location     Type
                  1    wreg      void 
 Registers used:
		wreg, fsr0l, fsr0h, fsr1l, fsr1h, status,2, status,0, pclath
 Tracked objects:
		On entry : 
		On exit  : 
		Unchanged: 
 Data sizes:     COMMON   BANK0   BANK1   BANK2   BANK3   BANK4   BANK5   BANK6   BANK7   BANK8   BANK9  BANK10  BANK11  BANK12
      Params:         0       0       0       0       0       0       0       0       0       0       0       0       0       0
      Locals:         1       0       0       0       0       0       0       0       0       0       0       0       0       0
      Temps:          2       0       0       0       0       0       0       0       0       0       0       0       0       0
      Totals:         3       0       0       0       0       0       0       0       0       0       0       0       0       0
Total ram usage:        3 bytes
 Hardware stack levels used:    1
 This function calls:
		Nothing
 This function is called by:
		_USBCtrlEPAllowDataStage
		_USBCtrlTrfInHandler
 This function uses a non-reentrant model



MODULE INFORMATION

Module		Function		Class		Link	Load	Size
usb/usb_device_hid.c
		_USBCheckHIDRequest		CODE           	05B5	0000	109

usb/usb_device_hid.c estimated size: 109

bsp/leds.c
		_LED_Off       		CODE           	026A	0000	22
		_LED_On        		CODE           	027F	0000	22
		_LED_Enable    		CODE           	01C5	0000	20

bsp/leds.c estimated size: 64

demo_src/app_led_usb_status.c
		_APP_LEDUpdateUSBStatus		CODE           	0C68	0000	68

demo_src/app_led_usb_status.c estimated size: 68

demo_src/app_device_keyboard.c
		_APP_KeyboardProcessOutputReport		CODE           	0165	0000	8
		_APP_KeyboardInit		CODE           	02C7	0000	48
		_USBHIDCBSetIdleRateHandler		CODE           	0621	0000	10
		_USBHIDCBSetReportHandler		CODE           	062A	0000	13
		_APP_KeyboardTasks		CODE           	0031	0000	192
		_USBHIDCBSetReportComplete		CODE           	0813	0000	7

demo_src/app_device_keyboard.c estimated size: 278

demo_src/usb_events.c
		_USER_USB_CALLBACK_EVENT_HANDLER		CODE           	0C2D	0000	60

demo_src/usb_events.c estimated size: 60

usb/usb_device.c
		_USBCtrlTrfInHandler		CODE           	0E88	0000	115
		_USBTransferOnePacket		CODE           	00F0	0000	118
		_USBDeviceAttach		CODE           	01D8	0000	26
		_USBStdGetDscHandler		CODE           	0895	0000	113
		_USBCtrlEPAllowDataStage		CODE           	0A38	0000	89
		_USBStdFeatureReqHandler		CODE           	0A90	0000	254
		_USBCtrlEPAllowStatusStage		CODE           	0CD3	0000	98
		_USBCtrlTrfSetupHandler		CODE           	0821	0000	52
		_USBCtrlTrfOutHandler		CODE           	04EA	0000	50
		_USBCtrlEPServiceComplete		CODE           	09BB	0000	126
		_USBSuspend    		CODE           	0E78	0000	17
		_USBStdSetCfgHandler		CODE           	0950	0000	90
		_USBStdGetStatusHandler		CODE           	0905	0000	76
		_USBWakeFromSuspend		CODE           	0F72	0000	24
		_USBCtrlTrfRxService		CODE           	051B	0000	155
		_USBCtrlTrfTxService		CODE           	0EFA	0000	89
		_USBEnableEndpoint		CODE           	02F6	0000	30
		_USBConfigureEndpoint		CODE           	0313	0000	46
		_USBDeviceInit 		CODE           	01F1	0000	122
		_USBIncrement1msInternalTimers		CODE           	0E66	0000	19
		_USBCtrlEPService		CODE           	0E27	0000	64
		_USBStallHandler		CODE           	0F52	0000	33
		_USBDeviceTasks		CODE           	0B8D	0000	161
		_USBCheckStdRequest		CODE           	0854	0000	66

usb/usb_device.c estimated size: 2033

shared
		_configDescriptor1		STRCODE        	1073	0000	42
		_USB_CD_Ptr    		STRCODE        	10D4	0000	3
		_sd001         		STRCODE        	103F	0000	53
		i1_BUTTON_Enable		CODE           	0DE9	0000	43
		_sd002         		STRCODE        	109C	0000	29
		i1_USBDeviceInit		CODE           	0F89	0000	120
		__initialization		CODE           	000C	0000	25
		_device_dsc    		STRCODE        	10B8	0000	19
		i1_LED_On      		CODE           	0CBF	0000	21
		i1_LED_Off     		CODE           	0CAB	0000	21
		i1_SYSTEM_Initialize		CODE           	0DC6	0000	36
		i1_LED_Enable  		CODE           	0E13	0000	21
		_USB_SD_Ptr    		STRCODE        	10CA	0000	7
		_hid_rpt01     		STRCODE        	1000	0000	64
		i1_memset      		CODE           	09A9	0000	19
		_sd000         		STRCODE        	10D0	0000	5
		i1_USBTransferOnePacket		CODE           	0340	0000	118
		i1_APP_KeyboardProcessOutputReport		CODE           	0819	0000	9

shared estimated size: 655

bsp/buttons.c
		_BUTTON_IsPressed		CODE           	0294	0000	52
		_BUTTON_Enable 		CODE           	019E	0000	40
		_BUTTON_UpdateStates		CODE           	0D34	0000	147

bsp/buttons.c estimated size: 239

demo_src/main.c
		_main          		CODE           	0027	0000	11

demo_src/main.c estimated size: 11

system.c
		_SYS_InterruptHigh		CODE           	0004	0000	7
		_SYSTEM_Initialize		CODE           	017E	0000	33

system.c estimated size: 40

C:\Program Files (x86)\Microchip\xc8\v1.45\sources\common\memset.c
		_memset        		CODE           	016C	0000	19

C:\Program Files (x86)\Microchip\xc8\v1.45\sources\common\memset.c estimated size: 19

